// Jest Snapshot v1, https://goo.gl/fbAQLP

exports[`<OptForm /> renders the <OptForm /> with populated data 1`] = `
<div
  class="opt-form__Container-sc-8oudnm-0 bhlYJp"
>
  <p
    class="opt-form__Text-sc-8oudnm-3 loEVEx"
  >
    Ready to watch? Enter your email to create or restart your membership.
  </p>
  <div
    class="opt-form__Break-sc-8oudnm-4 hHQsws"
  />
  <input
    class="opt-form__Input-sc-8oudnm-1 btBYpX"
    placeholder="Email address"
    type="email"
  />
  <button
    class="opt-form__Button-sc-8oudnm-2 eZRfuW"
  >
    Get Started
    <img
      alt="Try Now"
      src="/images/icons/chevron-right.png"
    />
  </button>
</div>
`;
